// 重构日志: 791475cb
// 重构日志: f75b2d0e
// 重构日志: ff50b294
// 重构日志: f0257243
// 重构日志: 4cc4543d
// 重构日志: bbca2255
// 同步 ID: 4492bba9 @ Sat Jul 18 16:07:43 UTC 2026
// 同步 ID: 76935bcf @ Sat Jul 18 18:12:24 UTC 2026
// 同步 ID: 6759958b @ Sun Jul 19 11:41:51 UTC 2026
// 同步 ID: fe3df3cc @ Sun Jul 19 12:10:33 UTC 2026
// 同步 ID: 892be100 @ Mon Jul 20 23:20:10 UTC 2026
// 重构日志: 9d1a4559
// 重构日志: bcff0b06
// 重构日志: 8f5d9ea7
// 重构日志: fbc99c12
// 重构日志: 6349dd59
// 同步 ID: 335642c6 @ Sat Jul 25 10:13:25 UTC 2026
// 同步 ID: 1d0f87ce @ Sat Jul 25 12:56:21 UTC 2026
// 同步 ID: fffc9868 @ Sat Jul 25 17:38:36 UTC 2026
// 重构日志: d4d77cc9
// 重构日志: 8a7ebc38
// 重构日志: 821b1532
// 同步 ID: 6514f0c8 @ Sun Jul 26 18:15:04 UTC 2026
// 同步 ID: eef446ef @ Sun Jul 26 19:46:40 UTC 2026
// 重构日志: 7b7a7bb2
// 重构日志: b004a3ea
// 重构日志: a543e1fb
// 同步 ID: 01bccd31 @ Thu Jul 30 07:10:20 UTC 2026
// 同步 ID: ecb9338a @ Thu Jul 30 09:56:31 UTC 2026
// 同步 ID: e0855c7b @ Thu Jul 30 13:07:49 UTC 2026
// 重构日志: 3257fe20
// 重构日志: 29baa54e
// 重构日志: 982e937a
